<html>
<body>
<pre>
<h1>µVision Build Log</h1>
<h2>Project:</h2>
E:\Keil Projects\Auto Car\Main\Master.uvproj
Project File Date:  08/15/2017

<h2>Output:</h2>
Build target 'Target 1'
assembling startup_TM4C123.s...
compiling Main.c...
Library Support/PORTS_INIT.h(3): warning:  #1-D: last line of file ends without a newline
  void PortC_Init(void);
Library Support/PORTS_INIT.h(3): warning:  #1-D: last line of file ends without a newline
  void PortC_Init(void);
Library Support/MotorDriver.h(9): warning:  #1-D: last line of file ends without a newline
  void L_Half_Brake(void);
Library Support/SensorInterface.h(21): warning:  #1-D: last line of file ends without a newline
  void SysTick_Wait10ms(unsigned long delay);
Main.c(21): warning:  #1-D: last line of file ends without a newline
  }
Main.c: 5 warnings, 0 errors
compiling Line_Sensor.c...
Library Support\PORTS_INIT.h(3): warning:  #1-D: last line of file ends without a newline
  void PortC_Init(void);
Library Support\Line_Sensor.c: 1 warning, 0 errors
compiling MotorDriver.c...
Library Support\PORTS_INIT.h(3): warning:  #1-D: last line of file ends without a newline
  void PortC_Init(void);
Library Support\MotorDriver.h(9): warning:  #1-D: last line of file ends without a newline
  void L_Half_Brake(void);
Library Support\PORTS_INIT.h(3): warning:  #1-D: last line of file ends without a newline
  void PortC_Init(void);
Library Support\MotorDriver.c(37): warning:  #1-D: last line of file ends without a newline
  }
Library Support\MotorDriver.c: 4 warnings, 0 errors
compiling PORTS_INIT.c...
Library Support\PORTS_INIT.h(3): warning:  #1-D: last line of file ends without a newline
  void PortC_Init(void);
Library Support\PORTS_INIT.c(15): warning:  #1-D: last line of file ends without a newline
  }
Library Support\PORTS_INIT.c: 2 warnings, 0 errors
compiling pwmPF.c...
Library Support\pwmPF.c(79): warning:  #1-D: last line of file ends without a newline
  }
Library Support\pwmPF.c: 1 warning, 0 errors
compiling SensorInterface.c...
Library Support\SensorInterface.c(25): warning:  #550-D: variable "delay" was set but never used
        unsigned long delay;
Library Support\SensorInterface.c(52): warning:  #550-D: variable "delay" was set but never used
        unsigned long delay;
Library Support\SensorInterface.c(82): warning:  #177-D: variable "counter" was declared but never referenced
        unsigned long counter;
Library Support\SensorInterface.c(121): warning:  #177-D: variable "counter" was declared but never referenced
        unsigned long counter;
Library Support\SensorInterface.c(157): warning:  #550-D: variable "delay" was set but never used
        unsigned long delay;    
Library Support\SensorInterface.c(217): warning:  #1-D: last line of file ends without a newline
  }
Library Support\SensorInterface.c(188): warning:  #177-D: variable "counter" was declared but never referenced
        unsigned long counter;
Library Support\SensorInterface.c: 7 warnings, 0 errors
linking...
Program Size: Code=3588 RO-data=636 RW-data=0 ZI-data=608  
".\Master.axf" - 0 Error(s), 20 Warning(s).
</pre>
</body>
</html>
