<html>
<body>
<pre>
<h1>µVision Build Log</h1>
<h2>Tool Versions:</h2>
IDE-Version: µVision V5.24.2.0
Copyright (C) 2017 ARM Ltd and ARM Germany GmbH. All rights reserved.
License Information: abdalrahman seif, cufe, LIC=----
 
Tool Versions:
Toolchain:       MDK-Lite  Version: 5.24.1
Toolchain Path:  C:\Keil_v5\ARM\ARMCC\Bin
C Compiler:      Armcc.exe V5.06 update 5 (build 528)
Assembler:       Armasm.exe V5.06 update 5 (build 528)
Linker/Locator:  ArmLink.exe V5.06 update 5 (build 528)
Library Manager: ArmAr.exe V5.06 update 5 (build 528)
Hex Converter:   FromElf.exe V5.06 update 5 (build 528)
CPU DLL:         SARMCM3.DLL V5.24.1
Dialog DLL:      DCM.DLL V1.16.0.0
Target DLL:      lmidk-agdi.dll V???
Dialog DLL:      TCM.DLL V1.32.0.0
 
<h2>Project:</h2>
E:\Main\Master.uvproj
Project File Date:  05/01/2018

<h2>Output:</h2>
*** Using Compiler 'V5.06 update 5 (build 528)', folder: 'C:\Keil_v5\ARM\ARMCC\Bin'
Build target 'Target 1'
compiling Main.c...
Library Support/PORTS_INIT.h(4): warning:  #1-D: last line of file ends without a newline
  void PortE_Init(void);
Library Support/MotorDriver.h(11): warning:  #1-D: last line of file ends without a newline
  void L_Half_Brake(void);
Library Support/SensorInterface.h(21): warning:  #1-D: last line of file ends without a newline
  void SysTick_Wait10ms(unsigned long delay);
Main.c(138): warning:  #177-D: variable "i"  was declared but never referenced
  	int i;
Main.c(294): warning:  #177-D: variable "dist"  was declared but never referenced
  	double dist, dist1, dist2, dist3;
Main.c(294): warning:  #177-D: variable "dist1"  was declared but never referenced
  	double dist, dist1, dist2, dist3;
Main.c(294): warning:  #177-D: variable "dist2"  was declared but never referenced
  	double dist, dist1, dist2, dist3;
Main.c(294): warning:  #177-D: variable "dist3"  was declared but never referenced
  	double dist, dist1, dist2, dist3;
Main.c(295): warning:  #177-D: variable "x"  was declared but never referenced
  	int x;
Main.c: 9 warnings, 0 errors
linking...
Program Size: Code=7672 RO-data=32 RW-data=12 ZI-data=1148  
".\Obj\Master.axf" - 0 Error(s), 9 Warning(s).
Build Time Elapsed:  00:00:04
</pre>
</body>
</html>
